result1 error_scan {"kind":"notice","message":"Cell search matched 0 entries."}
{"kind":"table","sheet":"计划购电量","address":"A1:D4","rows":4,"cols":4,"values":[["时间段","购电量",null,null],["00:00-00:10",1406.6411,null,null],["00:10-00:20",1406.3298666666667,null,null],["00:20-00:30",1407.3838500000002,null,null]]}
Inspect result written to file: 计算结果/result1.xlsx.inspect.ndjson
EXPORTED result1
result2 error_scan {"kind":"notice","message":"Cell search matched 0 entries."}
{"kind":"table","sheet":"计划购电量","address":"A1:D4","rows":4,"cols":4,"values":[["日期\\时间","00:00-00:10","00:10-00:20","00:20-00:30"],["2025-02-01T00:00:00.000Z",1301.2493,1287.5040833333333,1290.1883333333335],["2025-02-02T00:00:00.000Z",1449.9475166666666,1445.0035333333333,1446.9016666666666],["2025-02-03T00:00:00.000Z",1433.0793333333334,1418.6217333333334,1450.3816666666667]]}
Inspect result written to file: 计算结果/result2.xlsx.inspect.ndjson
EXPORTED result2
result3 error_scan {"kind":"notice","message":"Cell search matched 0 entries."}
{"kind":"table","sheet":"计划购电量","address":"A1:D4","rows":4,"cols":4,"values":[["日期\\时间","00:00-00:10","00:10-00:20","00:20-00:30"],["2025-02-01T00:00:00.000Z",1301.2493,1287.5040833333333,1290.1883333333335],["2025-02-02T00:00:00.000Z",1449.9475166666666,1445.0035333333333,1446.9016666666666],["2025-02-03T00:00:00.000Z",1433.0793333333334,1418.6217333333334,1450.3816666666667]]}
Inspect result written to file: 计算结果/result3.xlsx.inspect.ndjson
EXPORTED result3
result4-2 error_scan {"kind":"notice","message":"Cell search matched 0 entries."}
{"kind":"table","sheet":"计划购电量","address":"A1:D4","rows":4,"cols":4,"values":[["日期\\时间","00:00-00:10","00:10-00:20","00:20-00:30"],["2025-02-01T00:00:00.000Z",1301.2493,787.5040833333333,1290.1883333333335],["2025-02-02T00:00:00.000Z",616.6141833333334,1445.0035333333333,1446.9016666666666],["2025-02-03T00:00:00.000Z",599.746,1418.6217333333334,1450.3816666666667]]}
Inspect result written to file: 计算结果/result4-2.xlsx.inspect.ndjson
EXPORTED result4-2
result4-3 error_scan {"kind":"notice","message":"Cell search matched 0 entries."}
{"kind":"table","sheet":"计划购电量","address":"A1:D4","rows":4,"cols":4,"values":[["日期\\时间","00:00-00:10","00:10-00:20","00:20-00:30"],["2025-02-01T00:00:00.000Z",1301.2493,787.5040833333333,1290.1883333333335],["2025-02-02T00:00:00.000Z",616.6141833333334,1445.0035333333333,1446.9016666666666],["2025-02-03T00:00:00.000Z",599.746,1418.6217333333334,1450.3816666666667]]}
Inspect result written to file: 计算结果/result4-3.xlsx.inspect.ndjson
EXPORTED result4-3
