[WARNING] Could not load translations for zh-CN
  data file translations/zh.yaml not found
[WARNING] The term Abstract has no translation defined.
[WARNING] The term Table has no translation defined.
[WARNING] The term Table has no translation defined.
[WARNING] The term Figure has no translation defined.
[WARNING] The term Table has no translation defined.
[WARNING] Could not convert TeX math 
  P_k=\Omega^{\rm out}_{64}\cap\bigcap_{i\in I_k}
  \left[W_i(\bar\varepsilon)\cap B_{64}^{\rm out}(s_i,1500)
  \cap\{z:u_i^\top(z-s_i)\le1500\}\right]. \tag{10}
  , rendering as TeX:
  
                  ^
  unexpected control sequence \rm
  expecting "%", "\\label", "\\tag", "\\nonumber", whitespace or "\\allowbreak"
[WARNING] The term Figure has no translation defined.
[WARNING] Could not convert TeX math \Delta_r=T_{\rm baseline,r}-T_{\rm main,r}, rendering as TeX:
  \Delta_r=T_{\rm baseline,r}-T_{\rm main,
                  ^
  unexpected control sequence \rm
  expecting "%", "\\label", "\\tag", "\\nonumber", whitespace or "\\allowbreak"
[WARNING] The term Table has no translation defined.
[WARNING] The term Table has no translation defined.
[WARNING] The term Figure has no translation defined.
[WARNING] The term Figure has no translation defined.
[WARNING] The term Table has no translation defined.
[WARNING] The term Table has no translation defined.
[WARNING] The term Figure has no translation defined.
[WARNING] The term Table has no translation defined.
[WARNING] The term Table has no translation defined.
