[WARNING] Could not load translations for zh-CN
  data file translations/zh.yaml not found
[WARNING] The term Abstract has no translation defined.
[WARNING] Could not convert TeX math F_{\rm quant}, rendering as TeX:
  F_{\rm quant}
         ^
  unexpected control sequence \rm
  expecting "%", "\\label", "\\tag", "\\nonumber", whitespace or "\\allowbreak"
[WARNING] Could not convert TeX math F_c(850,400)\le64.473\ {\rm m}. \tag{3}, rendering as TeX:
  00)\le64.473\ {\rm m}. \tag{3}
                     ^
  unexpected control sequence \rm
  expecting "%", "\\label", "\\tag", "\\nonumber", whitespace or "\\allowbreak"
[WARNING] Could not convert TeX math 0\le F_c(850,400)-F_c^*\le0.00071\ {\rm m}. \tag{7}, rendering as TeX:
  ^*\le0.00071\ {\rm m}. \tag{7}
                     ^
  unexpected control sequence \rm
  expecting "%", "\\label", "\\tag", "\\nonumber", whitespace or "\\allowbreak"
[WARNING] Could not convert TeX math 64.38469\le F_{\rm quant}^*\le F_{\rm quant}(850,400)\le64.473,, rendering as TeX:
  64.38469\le F_{\rm quant}^*\le F_{\rm qu
                     ^
  unexpected control sequence \rm
  expecting "%", "\\label", "\\tag", "\\nonumber", whitespace or "\\allowbreak"
[WARNING] Could not convert TeX math F_{\rm quant}(850,400)-F_{\rm quant}^*\le0.08831\ {\rm m}. \tag{8}, rendering as TeX:
  F_{\rm quant}(850,400)-F_{\rm quant}^*\l
         ^
  unexpected control sequence \rm
  expecting "%", "\\label", "\\tag", "\\nonumber", whitespace or "\\allowbreak"
[WARNING] The term Figure has no translation defined.
[WARNING] Could not convert TeX math 14\le N_{\rm opt}\le25. \tag{12}, rendering as TeX:
  14\le N_{\rm opt}\le25. \tag{12}
               ^
  unexpected control sequence \rm
  expecting "%", "\\label", "\\tag", "\\nonumber", whitespace or "\\allowbreak"
[WARNING] Could not convert TeX math |\operatorname{cross}(u,p-s_1)|\ge50\ {\rm m},, rendering as TeX:
  p-s_1)|\ge50\ {\rm m},
                     ^
  unexpected control sequence \rm
  expecting "%", "\\label", "\\tag", "\\nonumber", whitespace or "\\allowbreak"
[WARNING] Could not convert TeX math N_m\le25\cdot20+16\cdot9=644,\quad N_{\rm clear}\le1776,, rendering as TeX:
  9=644,\quad N_{\rm clear}\le1776,
                     ^
  unexpected control sequence \rm
  expecting "%", "\\label", "\\tag", "\\nonumber", whitespace or "\\allowbreak"
[WARNING] Could not convert TeX math L\le[25+16(11+1)]\cdot6816+16\cdot107\cdot28=1527008\ {\rm m},, rendering as TeX:
  ot28=1527008\ {\rm m},
                     ^
  unexpected control sequence \rm
  expecting "%", "\\label", "\\tag", "\\nonumber", whitespace or "\\allowbreak"
[WARNING] Could not convert TeX math T\le1527008/5+6\cdot644+3\cdot1776+2\cdot16=314625.6\ {\rm s}=87.396\ {\rm h}<100\ {\rm h}. \tag{15}, rendering as TeX:
  t16=314625.6\ {\rm s}=87.396\ {\rm h}<10
                     ^
  unexpected control sequence \rm
  expecting "%", "\\label", "\\tag", "\\nonumber", whitespace or "\\allowbreak"
[WARNING] The term Table has no translation defined.
[WARNING] The term Table has no translation defined.
[WARNING] The term Figure has no translation defined.
[WARNING] The term Figure has no translation defined.
[WARNING] The term Table has no translation defined.
[WARNING] The term Table has no translation defined.
[WARNING] The term Table has no translation defined.
