\BOOKMARK [1][-]{section.1}{\376\377\225\356\230\230\221\315\217\360\116\016\140\073\117\123\140\035\215\357}{}% 1
\BOOKMARK [1][-]{section.2}{\376\377\120\107\213\276\060\001\117\341\140\157\176\323\147\204\116\016\173\046\123\367}{}% 2
\BOOKMARK [2][-]{subsection.2.1}{\376\377\136\372\152\041\120\107\213\276}{section.2}% 3
\BOOKMARK [2][-]{subsection.2.2}{\376\377\117\341\140\157\145\366\136\217}{section.2}% 4
\BOOKMARK [2][-]{subsection.2.3}{\376\377\173\046\123\367\210\150}{section.2}% 5
\BOOKMARK [1][-]{section.3}{\376\377\225\356\230\230\116\000\377\032\170\156\133\232\140\047\176\277\140\047\211\304\122\022}{}% 6
\BOOKMARK [1][-]{section.4}{\376\377\225\356\230\230\116\214\201\363\126\333\377\032\176\337\116\000\226\217\147\072\122\250\140\001\152\041\127\213}{}% 7
\BOOKMARK [2][-]{subsection.4.1}{\376\377\225\355\163\257\215\046\123\125\116\016\215\350\145\345\136\223\133\130}{section.4}% 8
\BOOKMARK [2][-]{subsection.4.2}{\376\377\142\020\161\237\123\206\123\362\153\213\135\356\127\072\146\157}{section.4}% 9
\BOOKMARK [2][-]{subsection.4.3}{\376\377\126\340\147\234\116\377\134\004\124\010\124\014\211\304\122\022}{section.4}% 10
\BOOKMARK [2][-]{subsection.4.4}{\376\377\000M\000a\000r\000k\000o\000v\000\040\133\236\145\366\116\367\120\074\123\315\231\210}{section.4}% 11
\BOOKMARK [2][-]{subsection.4.5}{\376\377\225\356\230\230\116\011\230\204\142\245\116\016\225\356\230\230\126\333\116\367\150\074}{section.4}% 12
\BOOKMARK [2][-]{subsection.4.6}{\376\377\156\332\122\250\142\147\210\114\116\016\217\205\122\251\000\040\000S\000D\000D\000P}{section.4}% 13
\BOOKMARK [1][-]{section.5}{\376\377\133\236\232\214\213\276\213\241\116\016\176\323\147\234}{}% 14
\BOOKMARK [2][-]{subsection.5.1}{\376\377\213\304\116\367\123\343\137\204\116\016\145\160\120\074\232\214\213\301}{section.5}% 15
\BOOKMARK [2][-]{subsection.5.2}{\376\377\143\247\122\066\123\330\221\317\224\376\377\032\136\223\133\130\217\336\176\355\060\001\124\010\124\014\211\304\122\022\116\016\133\236\145\366\123\315\231\210}{section.5}% 16
\BOOKMARK [2][-]{subsection.5.3}{\376\377\225\356\230\230\116\011\377\032\230\204\142\245\117\341\140\157\116\367\120\074}{section.5}% 17
\BOOKMARK [2][-]{subsection.5.4}{\376\377\225\356\230\230\126\333\377\032\145\366\123\330\165\065\116\367}{section.5}% 18
\BOOKMARK [2][-]{subsection.5.5}{\376\377\000S\000D\000D\000P\060\001\123\302\145\160\145\117\141\037\140\047\116\016\140\047\200\375\217\271\165\114}{section.5}% 19
\BOOKMARK [2][-]{subsection.5.6}{\376\377\145\366\225\364\172\063\133\232\140\047\377\032\147\010\116\375\116\016\171\373\122\250\127\127\000\040\000b\000o\000o\000t\000s\000t\000r\000a\000p}{section.5}% 20
\BOOKMARK [1][-]{section.6}{\376\377\152\041\127\213\213\304\116\367\060\001\134\100\226\120\116\016\123\357\131\015\163\260\140\047}{}% 21
\BOOKMARK [2][-]{subsection.6.1}{\376\377\123\357\117\341\116\113\131\004}{section.6}% 22
\BOOKMARK [2][-]{subsection.6.2}{\376\377\134\100\226\120}{section.6}% 23
\BOOKMARK [2][-]{subsection.6.3}{\376\377\131\015\163\260\213\364\146\016}{section.6}% 24
\BOOKMARK [1][-]{section.7}{\376\377\176\323\213\272}{}% 25
\BOOKMARK [1][-]{appendix.A}{\376\377\173\227\154\325\117\052\116\343\170\001}{}% 26
\BOOKMARK [1][-]{appendix.B}{\376\377\171\373\122\250\127\127\145\117\141\037\140\047}{}% 27
\BOOKMARK [1][-]{appendix.C}{\376\377\140\047\200\375\217\271\165\114\166\204\211\343\221\312}{}% 28
