\BOOKMARK [1][-]{section.1}{\376\377\225\356\230\230\221\315\217\360\116\016\143\247\122\066\211\306\211\322}{}% 1
\BOOKMARK [1][-]{section.2}{\376\377\120\107\213\276\060\001\173\046\123\367\116\016\117\341\140\157\176\323\147\204}{}% 2
\BOOKMARK [2][-]{subsection.2.1}{\376\377\152\041\127\213\120\107\213\276}{section.2}% 3
\BOOKMARK [2][-]{subsection.2.2}{\376\377\162\151\164\006\123\302\145\160\060\001\145\366\225\364\213\241\221\317\116\016\173\046\123\367}{section.2}% 4
\BOOKMARK [2][-]{subsection.2.3}{\376\377\116\045\150\074\166\204\211\302\155\113\116\016\210\114\122\250\153\041\136\217}{section.2}% 5
\BOOKMARK [1][-]{section.3}{\376\377\176\337\116\000\121\370\200\375\221\317\152\041\127\213}{}% 6
\BOOKMARK [2][-]{subsection.3.1}{\376\377\162\266\140\001\145\271\172\013\124\214\226\217\147\072\143\247\122\066\166\356\150\007}{section.3}% 7
\BOOKMARK [2][-]{subsection.3.2}{\376\377\124\010\124\014\176\323\173\227\121\370\140\047}{section.3}% 8
\BOOKMARK [2][-]{subsection.3.3}{\376\377\124\014\145\366\121\105\145\076\165\065\155\210\121\103\116\016\175\047\140\045\165\065\221\317}{section.3}% 9
\BOOKMARK [2][-]{subsection.3.4}{\376\377\116\000\153\145\123\357\217\276\127\337\116\016\167\037\153\143\176\310\160\271}{section.3}% 10
\BOOKMARK [1][-]{section.4}{\376\377\170\156\133\232\140\047\225\356\230\230\116\000\377\032\121\370\152\041\127\213\166\204\127\372\121\306\232\214\213\301}{}% 11
\BOOKMARK [1][-]{section.5}{\376\377\215\350\145\345\226\217\147\072\211\304\122\022\377\032\127\050\124\010\154\325\117\341\140\157\116\055\133\211\143\222\142\177\213\372}{}% 12
\BOOKMARK [2][-]{subsection.5.1}{\376\377\142\020\161\237\153\213\135\356\116\016\173\111\147\103\176\317\232\214\127\072\146\157}{section.5}% 13
\BOOKMARK [2][-]{subsection.5.2}{\376\377\147\011\226\120\176\364\126\340\147\234\142\160\122\250\123\315\231\210}{section.5}% 14
\BOOKMARK [2][-]{subsection.5.3}{\376\377\116\012\134\102\127\072\146\157\176\277\140\047\211\304\122\022\123\312\176\347\176\355\116\367\120\074}{section.5}% 15
\BOOKMARK [1][-]{section.6}{\376\377\121\370\000M\000a\000r\000k\000o\000v\122\250\140\001\211\304\122\022\377\032\165\050\136\223\133\130\116\367\120\074\124\315\136\224\137\123\122\115\121\300\227\000\154\102}{}% 16
\BOOKMARK [2][-]{subsection.6.1}{\376\377\162\266\140\001\123\213\177\051\124\214\126\372\133\232\124\015\116\111\124\010\124\014}{section.6}% 17
\BOOKMARK [2][-]{subsection.6.2}{\376\377\000B\000e\000l\000l\000m\000a\000n\145\271\172\013\116\016\211\302\155\113\230\172\136\217}{section.6}% 18
\BOOKMARK [2][-]{subsection.6.3}{\376\377\000B\000e\000l\000l\000m\000a\000n\121\370\140\047\117\335\143\001\133\232\164\006}{section.6}% 19
\BOOKMARK [2][-]{subsection.6.4}{\376\377\145\234\163\207\124\010\136\166\116\016\217\336\176\355\122\250\117\134}{section.6}% 20
\BOOKMARK [1][-]{section.7}{\376\377\117\341\140\157\146\364\145\260\060\001\116\367\150\074\116\015\170\156\133\232\140\047\116\016\164\006\213\272\217\271\165\114}{}% 21
\BOOKMARK [2][-]{subsection.7.1}{\376\377\230\204\142\245\131\202\117\125\217\333\121\145\225\356\230\230\116\011}{section.7}% 22
\BOOKMARK [2][-]{subsection.7.2}{\376\377\225\356\230\230\126\333\166\204\200\124\124\010\116\367\150\074\127\072\146\157}{section.7}% 23
\BOOKMARK [2][-]{subsection.7.3}{\376\377\215\350\145\345\173\126\165\145\226\306\124\010\123\005\124\053\121\163\174\373}{section.7}% 24
\BOOKMARK [1][-]{section.8}{\376\377\133\236\232\214\116\016\147\072\122\066\232\214\213\301}{}% 25
\BOOKMARK [2][-]{subsection.8.1}{\376\377\176\337\116\000\145\366\225\364\203\003\126\364\116\016\116\073\176\323\147\234}{section.8}% 26
\BOOKMARK [2][-]{subsection.8.2}{\376\377\215\350\145\345\116\016\116\367\120\074\123\315\231\210\122\006\122\053\142\177\142\305\116\300\116\110\213\272\213\301}{section.8}% 27
\BOOKMARK [2][-]{subsection.8.3}{\376\377\135\362\147\011\230\204\142\245\166\204\133\236\226\105\117\177\165\050\145\110\147\234}{section.8}% 28
\BOOKMARK [2][-]{subsection.8.4}{\376\377\215\071\165\050\122\006\211\343\377\032\202\202\167\001\147\145\201\352\124\352\116\233\215\046\166\356}{section.8}% 29
\BOOKMARK [2][-]{subsection.8.5}{\376\377\221\115\133\371\171\373\122\250\127\127\221\315\221\307\150\067\116\016\147\010\136\246\172\063\133\232\140\047}{section.8}% 30
\BOOKMARK [2][-]{subsection.8.6}{\376\377\133\214\177\216\117\341\140\157\123\302\161\147\116\016\123\357\211\343\221\312\166\204\140\047\200\375\217\271\165\114}{section.8}% 31
\BOOKMARK [1][-]{section.9}{\376\377\123\302\145\160\060\001\217\205\122\251\000S\000D\000D\000P\116\016\152\041\127\213\217\271\165\114}{}% 32
\BOOKMARK [2][-]{subsection.9.1}{\376\377\143\011\225\355\163\257\133\236\226\105\215\046\123\125\220\011\142\351\152\041\127\213}{section.9}% 33
\BOOKMARK [2][-]{subsection.9.2}{\376\377\147\053\120\074\166\204\152\041\127\213\220\011\142\351\117\134\165\050}{section.9}% 34
\BOOKMARK [2][-]{subsection.9.3}{\376\377\123\302\145\160\166\204\117\134\165\050\123\312\213\312\145\255}{section.9}% 35
\BOOKMARK [1][-]{section.10}{\376\377\152\041\127\213\117\030\177\072\160\271\116\016\143\250\136\177}{}% 36
\BOOKMARK [2][-]{subsection.10.1}{\376\377\152\041\127\213\117\030\160\271}{section.10}% 37
\BOOKMARK [2][-]{subsection.10.2}{\376\377\134\100\226\120\116\016\143\250\136\177}{section.10}% 38
\BOOKMARK [1][-]{section.11}{\376\377\176\323\213\272}{}% 39
\BOOKMARK [1][-]{appendix.A}{\376\377\121\370\176\323\147\204\116\016\123\357\217\276\140\047\166\204\133\214\145\164\213\301\146\016}{}% 40
\BOOKMARK [2][-]{subsection.A.1}{\376\377\124\010\124\014\116\012\126\376\116\016\123\125\124\021\155\210\121\103\166\204\173\111\116\367\140\047}{appendix.A}% 41
\BOOKMARK [2][-]{subsection.A.2}{\376\377\176\310\160\271\123\072\225\364\166\204\121\105\211\201\147\204\220\040\123\312\220\022\137\122\123\357\210\114\140\047}{appendix.A}% 42
\BOOKMARK [1][-]{appendix.B}{\376\377\000B\000e\000l\000l\000m\000a\000n\116\016\145\234\163\207\124\010\136\166\166\204\133\214\145\164\213\301\146\016}{}% 43
\BOOKMARK [2][-]{subsection.B.1}{\376\377\167\037\140\047\060\001\225\355\140\047\124\214\122\006\153\265\176\277\140\047\166\204\127\337\147\141\116\366}{appendix.B}% 44
\BOOKMARK [2][-]{subsection.B.2}{\376\377\145\234\163\207\124\010\136\166\166\204\215\104\156\220\116\244\143\142\213\301\146\016}{appendix.B}% 45
\BOOKMARK [2][-]{subsection.B.3}{\376\377\177\121\150\074\143\322\120\074\116\016\122\250\117\134\142\230\160\271}{appendix.B}% 46
\BOOKMARK [1][-]{appendix.C}{\376\377\217\205\122\251\000S\000D\000D\000P\122\162\166\204\147\011\145\110\140\047\213\301\146\016}{}% 47
\BOOKMARK [1][-]{appendix.D}{\376\377\123\357\131\015\163\260\133\236\232\214\213\276\213\241\116\016\162\354\172\313\150\070\232\214}{}% 48
\BOOKMARK [2][-]{subsection.D.1}{\376\377\133\214\145\164\142\147\210\114\117\052\116\343\170\001}{appendix.D}% 49
\BOOKMARK [2][-]{subsection.D.2}{\376\377\116\000\147\010\126\340\147\234\121\154\121\161\122\035\131\313\123\026}{appendix.D}% 50
\BOOKMARK [2][-]{subsection.D.3}{\376\377\126\372\133\232\167\037\133\236\176\310\160\271\145\160\143\156\224\376}{appendix.D}% 51
\BOOKMARK [2][-]{subsection.D.4}{\376\377\171\373\122\250\127\127\133\236\163\260\116\016\211\343\221\312}{appendix.D}% 52
\BOOKMARK [2][-]{subsection.D.5}{\376\377\162\354\172\313\000L\000P\116\016\143\247\122\066\126\150\150\070\232\214}{appendix.D}% 53
\BOOKMARK [1][-]{appendix.E}{\376\377\143\007\133\232\145\345\147\037\133\214\145\164\176\323\147\234}{}% 54
\BOOKMARK [1][-]{appendix.F}{\376\377\145\057\144\221\145\207\116\366\116\016\133\214\145\164\156\220\172\013\136\217}{}% 55
