{
  "saving": 26224.998656007854,
  "mean_saving": 78.5179600479277,
  "positive_days": 156,
  "negative_days": 177,
  "positive_months": 5,
  "bootstrap": {
    "3": {
      "mean_ci95": [
        -122.81143368221798,
        295.6432557646391
      ],
      "total_ci95": [
        -41019.018849860804,
        98744.84742538945
      ]
    },
    "7": {
      "mean_ci95": [
        -101.1414870604753,
        288.43619461028766
      ],
      "total_ci95": [
        -33781.25667819875,
        96337.68899983607
      ]
    },
    "14": {
      "mean_ci95": [
        -74.1442621059468,
        285.4157211887118
      ],
      "total_ci95": [
        -24764.18354338623,
        95328.85087702975
      ]
    }
  },
  "new_parts": {
    "planned_cost": 13197422.827546481,
    "adjustment_cost": 0.0,
    "emergency_cost": 620522.2356566049
  },
  "old_parts": {
    "planned_cost": 13197126.215670995,
    "adjustment_cost": 0.0,
    "emergency_cost": 647043.8461881
  }
}
