{
  "q2": {
    "saving": 202445.33773069325,
    "mean": 606.1237656607583,
    "positive_days": 272,
    "negative_days": 62,
    "positive_months": 11,
    "bootstrap": {
      "3": [
        434.44263649503887,
        797.9244410475974
      ],
      "7": [
        447.3659601402054,
        773.2802439772811
      ],
      "14": [
        452.4092093545982,
        755.4197223819865
      ]
    },
    "component_delta_yuan": [
      -216808.81140039818,
      0.0,
      0.0,
      14363.47366970493
    ]
  },
  "q3": {
    "saving": 231303.21037712882,
    "mean": 692.5245819674516,
    "positive_days": 296,
    "negative_days": 38,
    "positive_months": 11,
    "bootstrap": {
      "3": [
        565.0592726175613,
        806.6245713399455
      ],
      "7": [
        533.008684761305,
        826.54100036821
      ],
      "14": [
        514.8666499055356,
        841.4276747070833
      ]
    },
    "component_delta_yuan": [
      -256284.37679930642,
      -1135.6710618459747,
      -13638.054504642823,
      39754.89198866642
    ]
  },
  "q4_2": {
    "saving": 152859.0895717326,
    "mean": 457.6619448255467,
    "positive_days": 262,
    "negative_days": 72,
    "positive_months": 11,
    "bootstrap": {
      "3": [
        313.3700950580117,
        601.0413536189404
      ],
      "7": [
        314.30563782039843,
        588.7584967419747
      ],
      "14": [
        312.2913610735134,
        584.9662364135507
      ]
    },
    "component_delta_yuan": [
      -205929.7419192823,
      0.0,
      0.0,
      53070.65234754973
    ]
  },
  "q4_3": {
    "saving": 228936.28545958915,
    "mean": 685.4379804179316,
    "positive_days": 298,
    "negative_days": 36,
    "positive_months": 11,
    "bootstrap": {
      "3": [
        562.7377407115739,
        793.2344191578215
      ],
      "7": [
        529.6498161514359,
        811.2030370149073
      ],
      "14": [
        509.8130957182768,
        822.3720262954178
      ]
    },
    "component_delta_yuan": [
      -261307.77581302545,
      -3293.571575791516,
      -1458.5618442969615,
      37123.623773524785
    ]
  }
}
