\BOOKMARK [1][-]{section.1}{\376\377\225\356\230\230\221\315\217\360\116\016\143\247\122\066\140\035\215\357}{}% 1
\BOOKMARK [1][-]{section.2}{\376\377\120\107\213\276\060\001\173\046\123\367\116\016\117\341\140\157\176\323\147\204}{}% 2
\BOOKMARK [2][-]{subsection.2.1}{\376\377\152\041\127\213\120\107\213\276}{section.2}% 3
\BOOKMARK [2][-]{subsection.2.2}{\376\377\162\151\164\006\123\302\145\160\060\001\145\366\225\364\213\241\221\317\116\016\173\046\123\367}{section.2}% 4
\BOOKMARK [2][-]{subsection.2.3}{\376\377\116\045\150\074\166\204\211\302\155\113\116\016\210\114\122\250\153\041\136\217}{section.2}% 5
\BOOKMARK [1][-]{section.3}{\376\377\176\337\116\000\121\370\200\375\221\317\152\041\127\213}{}% 6
\BOOKMARK [2][-]{subsection.3.1}{\376\377\162\266\140\001\145\271\172\013\124\214\226\217\147\072\143\247\122\066\166\356\150\007}{section.3}% 7
\BOOKMARK [2][-]{subsection.3.2}{\376\377\124\010\124\014\176\323\173\227\121\370\140\047}{section.3}% 8
\BOOKMARK [2][-]{subsection.3.3}{\376\377\124\014\145\366\121\105\145\076\165\065\155\210\121\103\116\016\175\047\140\045\165\065\221\317}{section.3}% 9
\BOOKMARK [2][-]{subsection.3.4}{\376\377\116\000\153\145\123\357\217\276\127\337\116\016\167\037\153\143\176\310\160\271}{section.3}% 10
\BOOKMARK [1][-]{section.4}{\376\377\170\156\133\232\140\047\225\356\230\230\116\000\377\032\121\370\152\041\127\213\166\204\127\372\121\306\232\214\213\301}{}% 11
\BOOKMARK [1][-]{section.5}{\376\377\215\350\145\345\226\217\147\072\211\304\122\022\377\032\127\050\124\010\154\325\117\341\140\157\116\055\133\211\143\222\142\177\213\372}{}% 12
\BOOKMARK [2][-]{subsection.5.1}{\376\377\126\372\133\232\0007\0002\134\017\145\366\377\032\172\063\133\232\145\345\121\205\124\004\202\202\160\271\166\204\215\350\145\345\122\115\167\273}{section.5}% 13
\BOOKMARK [2][-]{subsection.5.2}{\376\377\142\020\161\237\153\213\135\356\116\016\173\111\147\103\176\317\232\214\127\072\146\157}{section.5}% 14
\BOOKMARK [2][-]{subsection.5.3}{\376\377\147\011\226\120\176\364\126\340\147\234\142\160\122\250\123\315\231\210}{section.5}% 15
\BOOKMARK [2][-]{subsection.5.4}{\376\377\116\012\134\102\127\072\146\157\176\277\140\047\211\304\122\022\123\312\176\347\176\355\116\367\120\074}{section.5}% 16
\BOOKMARK [1][-]{section.6}{\376\377\121\370\000M\000a\000r\000k\000o\000v\122\250\140\001\211\304\122\022\377\032\165\050\136\223\133\130\116\367\120\074\124\315\136\224\137\123\122\115\121\300\227\000\154\102}{}% 17
\BOOKMARK [2][-]{subsection.6.1}{\376\377\162\266\140\001\123\213\177\051\124\214\126\372\133\232\124\015\116\111\124\010\124\014}{section.6}% 18
\BOOKMARK [2][-]{subsection.6.2}{\376\377\000B\000e\000l\000l\000m\000a\000n\145\271\172\013\116\016\211\302\155\113\230\172\136\217}{section.6}% 19
\BOOKMARK [2][-]{subsection.6.3}{\376\377\000B\000e\000l\000l\000m\000a\000n\121\370\140\047\117\335\143\001\133\232\164\006}{section.6}% 20
\BOOKMARK [2][-]{subsection.6.4}{\376\377\145\234\163\207\124\010\136\166\116\016\217\336\176\355\122\250\117\134}{section.6}% 21
\BOOKMARK [1][-]{section.7}{\376\377\230\204\142\245\207\215\124\010\060\001\116\367\150\074\116\015\170\156\133\232\140\047\116\016\117\341\140\157\116\367\120\074}{}% 22
\BOOKMARK [2][-]{subsection.7.1}{\376\377\225\356\230\230\116\011\377\032\143\011\123\321\136\003\211\206\166\326\203\003\126\364\207\215\124\010\121\111\117\017\230\204\142\245}{section.7}% 23
\BOOKMARK [2][-]{subsection.7.2}{\376\377\207\215\124\010\166\204\116\214\226\066\213\357\135\356\211\343\221\312}{section.7}% 24
\BOOKMARK [2][-]{subsection.7.3}{\376\377\225\356\230\230\126\333\377\032\142\020\133\371\116\367\150\074\127\072\146\157\116\016\122\250\117\134\124\016\176\323\173\227}{section.7}% 25
\BOOKMARK [2][-]{subsection.7.4}{\376\377\117\341\140\157\116\016\215\350\145\345\201\352\165\061\136\246\166\204\174\276\170\156\152\041\127\213\121\163\174\373}{section.7}% 26
\BOOKMARK [1][-]{section.8}{\376\377\136\164\136\246\176\323\147\234\116\016\147\072\122\066\232\214\213\301}{}% 27
\BOOKMARK [2][-]{subsection.8.1}{\376\377\153\324\217\203\133\371\214\141\060\001\221\115\177\156\116\016\213\301\143\156\123\343\137\204}{section.8}% 28
\BOOKMARK [2][-]{subsection.8.2}{\376\377\126\333\171\315\147\072\122\066\166\204\136\164\136\246\215\071\165\050}{section.8}% 29
\BOOKMARK [2][-]{subsection.8.3}{\376\377\225\356\230\230\116\214\377\032\202\202\167\001\116\073\211\201\147\145\201\352\175\047\140\045\215\055\165\065\215\071}{section.8}% 30
\BOOKMARK [2][-]{subsection.8.4}{\376\377\225\356\230\230\116\214\377\032\145\366\225\364\172\063\133\232\140\047\116\016\220\002\165\050\203\003\126\364}{section.8}% 31
\BOOKMARK [2][-]{subsection.8.5}{\376\377\162\151\164\006\225\355\163\257\116\016\167\037\153\143\176\310\160\271\150\070\232\214}{section.8}% 32
\BOOKMARK [1][-]{section.9}{\376\377\140\047\200\375\217\271\165\114\060\001\123\302\145\160\116\016\145\271\154\325\213\304\116\367}{}% 33
\BOOKMARK [2][-]{subsection.9.1}{\376\377\133\214\177\216\117\341\140\157\123\302\161\147\166\204\116\045\150\074\124\053\116\111}{section.9}% 34
\BOOKMARK [2][-]{subsection.9.2}{\376\377\145\160\120\074\123\302\145\160\116\016\217\205\122\251\116\367\120\074\152\041\127\213}{section.9}% 35
\BOOKMARK [2][-]{subsection.9.3}{\376\377\152\041\127\213\213\304\116\367\116\016\131\015\150\070\203\003\126\364}{section.9}% 36
\BOOKMARK [1][-]{section.10}{\376\377\176\323\213\272}{}% 37
\BOOKMARK [1][-]{appendix.A}{\376\377\121\370\176\323\147\204\116\016\123\357\217\276\140\047\166\204\133\214\145\164\213\301\146\016}{}% 38
\BOOKMARK [2][-]{subsection.A.1}{\376\377\124\010\124\014\116\012\126\376\116\016\123\125\124\021\155\210\121\103\166\204\173\111\116\367\140\047}{appendix.A}% 39
\BOOKMARK [2][-]{subsection.A.2}{\376\377\176\310\160\271\123\072\225\364\166\204\121\105\211\201\147\204\220\040\123\312\220\022\137\122\123\357\210\114\140\047}{appendix.A}% 40
\BOOKMARK [1][-]{appendix.B}{\376\377\000B\000e\000l\000l\000m\000a\000n\116\016\145\234\163\207\124\010\136\166\166\204\133\214\145\164\213\301\146\016}{}% 41
\BOOKMARK [2][-]{subsection.B.1}{\376\377\167\037\140\047\060\001\225\355\140\047\124\214\122\006\153\265\176\277\140\047\166\204\127\337\147\141\116\366}{appendix.B}% 42
\BOOKMARK [2][-]{subsection.B.2}{\376\377\145\234\163\207\124\010\136\166\166\204\215\104\156\220\116\244\143\142\213\301\146\016}{appendix.B}% 43
\BOOKMARK [2][-]{subsection.B.3}{\376\377\177\121\150\074\143\322\120\074\116\016\122\250\117\134\142\230\160\271}{appendix.B}% 44
\BOOKMARK [1][-]{appendix.C}{\376\377\217\205\122\251\000S\000D\000D\000P\122\162\166\204\147\011\145\110\140\047\213\301\146\016}{}% 45
\BOOKMARK [1][-]{appendix.D}{\376\377\126\372\133\232\145\366\127\337\142\147\210\114\116\016\176\337\213\241\131\015\150\070}{}% 46
\BOOKMARK [2][-]{subsection.D.1}{\376\377\133\214\145\164\225\355\163\257\173\227\154\325}{appendix.D}% 47
\BOOKMARK [2][-]{subsection.D.2}{\376\377\225\356\230\230\116\214\171\373\122\250\127\127\221\315\221\307\150\067}{appendix.D}% 48
\BOOKMARK [2][-]{subsection.D.3}{\376\377\156\220\170\001\116\016\213\301\143\156\166\204\116\000\201\364\140\047\150\300\147\345}{appendix.D}% 49
\BOOKMARK [1][-]{appendix.E}{\376\377\225\356\230\230\116\214\143\007\133\232\145\345\147\037\176\323\147\234}{}% 50
\BOOKMARK [1][-]{appendix.F}{\376\377\145\057\144\221\145\207\116\366\122\027\210\150\116\016\133\214\145\164\214\003\136\246\172\013\136\217}{}% 51
\BOOKMARK [2][-]{subsection.F.1}{\376\377\215\071\165\050\176\323\173\227\116\016\170\156\133\232\140\047\214\003\136\246}{appendix.F}% 52
\BOOKMARK [2][-]{subsection.F.2}{\376\377\124\010\154\325\117\341\140\157\230\204\155\113}{appendix.F}% 53
\BOOKMARK [2][-]{subsection.F.3}{\376\377\126\340\147\234\116\377\134\004\211\304\122\022\116\016\121\370\136\223\133\130\123\315\231\210}{appendix.F}% 54
\BOOKMARK [2][-]{subsection.F.4}{\376\377\126\372\133\232\221\115\177\156\116\016\127\072\146\157\165\037\142\020}{appendix.F}% 55
\BOOKMARK [2][-]{subsection.F.5}{\376\377\120\031\220\011\143\247\122\066\143\245\123\343}{appendix.F}% 56
\BOOKMARK [2][-]{subsection.F.6}{\376\377\136\164\136\246\220\020\153\265\142\147\210\114}{appendix.F}% 57
\BOOKMARK [2][-]{subsection.F.7}{\376\377\217\205\122\251\176\347\176\355\120\074\152\041\127\127}{appendix.F}% 58
