{
  "3": {
    "coefficients": [
      2240.5412253769464,
      60.005246976443544,
      -158.6686595000425
    ],
    "CI": [
      [
        2014.8925040295098,
        2466.189946724383
      ],
      [
        42.392046862837525,
        77.61844709004956
      ],
      [
        -276.6303283453667,
        -40.706990654718325
      ]
    ],
    "validation": {
      "n_cases": 200,
      "mean_avg_error_s": 0.767109465170833,
      "avg_RMSE_s": 17.19740637249267,
      "total_RMSE_s": 219.12425169865858,
      "avg_R2": 0.7459325613418092,
      "total_R2": 0.20279596235896669
    },
    "group_scans": [
      [
        10,
        7.0
      ],
      [
        11,
        7.0
      ],
      [
        12,
        7.0
      ],
      [
        13,
        7.0
      ],
      [
        14,
        7.0
      ],
      [
        15,
        7.0
      ],
      [
        16,
        5.9655172413793105
      ]
    ]
  },
  "4": {
    "coefficients": [
      6206.853762232563,
      -31.602184384757237,
      -513.955173826444
    ],
    "CI": [
      [
        5889.347168179263,
        6524.360356285863
      ],
      [
        -58.02046570730734,
        -5.18390306220714
      ],
      [
        -826.5833611218952,
        -201.32698653099283
      ]
    ],
    "validation": {
      "n_cases": 200,
      "mean_avg_error_s": -6.245016957076566,
      "avg_RMSE_s": 28.931450863416984,
      "total_RMSE_s": 398.7535254797051,
      "avg_R2": 0.9055697286849004,
      "total_R2": 0.36382928913549006
    },
    "group_scans": [
      [
        10,
        21.0
      ],
      [
        11,
        21.0
      ],
      [
        12,
        21.0
      ],
      [
        13,
        21.0
      ],
      [
        14,
        21.0
      ],
      [
        15,
        21.0
      ],
      [
        16,
        14.724137931034482
      ]
    ]
  }
}
