PASS artifacts/annual/q2_closed_baseline
PASS artifacts/annual/q2_cross_baseline
PASS artifacts/annual/q2_affine_mpc
PASS artifacts/annual/q2_markov_mpc
PASS artifacts/annual/q2_closed_affine
PASS artifacts/annual_sddp/q2_sddp_markov
PASS artifacts/annual/q3_closed_baseline
PASS artifacts/annual/q3_cross_baseline
PASS artifacts/annual/q3_affine_mpc
PASS artifacts/annual/q3_markov_mpc
PASS artifacts/annual/q3_closed_affine
PASS artifacts/annual_sddp/q3_sddp_markov
PASS artifacts/annual/q4_2_closed_baseline
PASS artifacts/annual/q4_2_cross_baseline
PASS artifacts/annual/q4_2_affine_mpc
PASS artifacts/annual/q4_2_markov_mpc
PASS artifacts/annual/q4_2_closed_affine
PASS artifacts/annual_sddp/q4_2_sddp_markov
PASS artifacts/annual/q4_3_closed_baseline
PASS artifacts/annual/q4_3_cross_baseline
PASS artifacts/annual/q4_3_affine_mpc
PASS artifacts/annual/q4_3_markov_mpc
PASS artifacts/annual/q4_3_closed_affine
PASS artifacts/annual_sddp/q4_3_sddp_markov
PASS artifacts/experiments/annual_pv_0only
PASS artifacts/experiments/annual_pv_without6
PASS artifacts/experiments/annual_pv_without12
PASS artifacts/experiments/annual_pv_without18
PASS artifacts/global-terminal/q2_affine_mpc
PASS artifacts/global-terminal/q2_markov_mpc
PASS artifacts/global-terminal/q3_affine_mpc
PASS artifacts/global-terminal/q3_markov_mpc
PASS artifacts/global-terminal/q4_2_affine_mpc
PASS artifacts/global-terminal/q4_2_markov_mpc
PASS artifacts/global-terminal/q4_3_affine_mpc
PASS artifacts/global-terminal/q4_3_markov_mpc
{"status": "all_36_pass_within_numerical_scope", "passed": 36, "pending": 0, "failed": 0, "seconds": 1.7740866669919342}
