{"kind": "q2", "candidate": "cross_baseline", "total_cost": 14044404.970295334, "runtime_seconds": 287.57589700003155}
{"kind": "q2", "candidate": "closed_baseline", "total_cost": 14181955.664783094, "runtime_seconds": 296.4073130830657}
{"kind": "q3", "candidate": "closed_baseline", "total_cost": 13828014.100518633, "runtime_seconds": 588.738959207898}
{"kind": "q3", "candidate": "cross_baseline", "total_cost": 13690929.572131855, "runtime_seconds": 409.8117839579936}
{"kind": "q2", "candidate": "affine_mpc", "total_cost": 14576736.63790052, "runtime_seconds": 1457.6506112499628}
{"kind": "q2", "candidate": "closed_affine", "total_cost": 14806348.918109573, "runtime_seconds": 1334.9944126249757}
{"kind": "q2", "candidate": "markov_mpc", "total_cost": 13841680.520143364, "runtime_seconds": 1639.9942153331358}
{"kind": "q4_2", "candidate": "closed_baseline", "total_cost": 15010601.458628615, "runtime_seconds": 317.45722466590814}
{"kind": "q4_2", "candidate": "cross_baseline", "total_cost": 14805235.054143704, "runtime_seconds": 430.00999741698615}
{"kind": "q4_2", "candidate": "affine_mpc", "total_cost": 15414351.829105174, "runtime_seconds": 1577.3489123750478}
{"kind": "q3", "candidate": "affine_mpc", "total_cost": 14044632.291712927, "runtime_seconds": 3230.9570177500136}
{"kind": "q3", "candidate": "closed_affine", "total_cost": 14351793.80672446, "runtime_seconds": 3551.3351555420086}
{"kind": "q3", "candidate": "markov_mpc", "total_cost": 13459169.009695424, "runtime_seconds": 4077.1489925419446}
{"kind": "q4_3", "candidate": "closed_baseline", "total_cost": 14681668.450043777, "runtime_seconds": 1081.756248708116}
{"kind": "q4_3", "candidate": "cross_baseline", "total_cost": 14478786.620573897, "runtime_seconds": 1016.0515930408146}
{"kind": "q4_2", "candidate": "markov_mpc", "total_cost": 14652127.402359782, "runtime_seconds": 2979.7036895419005}
{"kind": "q4_2", "candidate": "closed_affine", "total_cost": 15690288.964598, "runtime_seconds": 2485.144492042018}
{"kind": "q4_3", "candidate": "affine_mpc", "total_cost": 14844972.022996884, "runtime_seconds": 2365.5249592091423}
{"kind": "q4_3", "candidate": "markov_mpc", "total_cost": 14249362.495141067, "runtime_seconds": 2316.8032336249016}
{"kind": "q4_3", "candidate": "closed_affine", "total_cost": 15181643.818528727, "runtime_seconds": 1940.9112956670579}
