result1 error_scan {"kind":"notice","message":"Cell search matched 0 entries."}
{"kind":"table","sheet":"计划购电量","address":"A1:D4","rows":4,"cols":4,"values":[["时间段","购电量",null,null],["00:00-00:10",1406.6411,null,null],["00:10-00:20",1406.3298666666667,null,null],["00:20-00:30",1407.3838500000002,null,null]]}
Inspect result written to file: 计算结果/result1.xlsx.inspect.ndjson
EXPORTED result1
result2 error_scan {"kind":"notice","message":"Cell search matched 0 entries."}
{"kind":"table","sheet":"计划购电量","address":"A1:D4","rows":4,"cols":4,"values":[["日期\\时间","00:00-00:10","00:10-00:20","00:20-00:30"],["2025-02-01T00:00:00.000Z",1263.7304856649882,1251.234441698073,1246.2507624439834],["2025-02-02T00:00:00.000Z",647.3477851987374,1170.3411404956485,652.4470712475205],["2025-02-03T00:00:00.000Z",629.6671424242996,1098.8901896675195,616.6833333333333]]}
Inspect result written to file: 计算结果/result2.xlsx.inspect.ndjson
EXPORTED result2
result3 error_scan {"kind":"notice","message":"Cell search matched 0 entries."}
{"kind":"table","sheet":"计划购电量","address":"A1:D4","rows":4,"cols":4,"values":[["日期\\时间","00:00-00:10","00:10-00:20","00:20-00:30"],["2025-02-01T00:00:00.000Z",1260.3481070749167,1247.9846812902088,1244.9633333333334],["2025-02-02T00:00:00.000Z",647.3477846499137,858.9360590374765,652.4470688733267],["2025-02-03T00:00:00.000Z",629.6367750219266,1193.6988979931955,616.6833333333333]]}
Inspect result written to file: 计算结果/result3.xlsx.inspect.ndjson
EXPORTED result3
result4-2 error_scan {"kind":"notice","message":"Cell search matched 0 entries."}
{"kind":"table","sheet":"计划购电量","address":"A1:D4","rows":4,"cols":4,"values":[["日期\\时间","00:00-00:10","00:10-00:20","00:20-00:30"],["2025-02-01T00:00:00.000Z",1261.081546394049,840.8160160676773,1244.963333333333],["2025-02-02T00:00:00.000Z",389.5021757396141,662.9031666666639,1407.5835350024342],["2025-02-03T00:00:00.000Z",630.2077576206385,1388.2345899492668,1403.7540360449075]]}
Inspect result written to file: 计算结果/result4-2.xlsx.inspect.ndjson
EXPORTED result4-2
result4-3 error_scan {"kind":"notice","message":"Cell search matched 0 entries."}
{"kind":"table","sheet":"计划购电量","address":"A1:D4","rows":4,"cols":4,"values":[["日期\\时间","00:00-00:10","00:10-00:20","00:20-00:30"],["2025-02-01T00:00:00.000Z",1260.832856574256,840.6485438245162,1244.9633333333334],["2025-02-02T00:00:00.000Z",308.50217573961055,662.9031666666666,1407.5835350024342],["2025-02-03T00:00:00.000Z",629.9695733460472,1387.574260070141,1403.9593441396498]]}
Inspect result written to file: 计算结果/result4-3.xlsx.inspect.ndjson
EXPORTED result4-3
